ra_director_cro/operations#1 attempt 0 POST
qa_manager/builder_forms#1 attempt 0 POST
regops_publisher/onboarding#1 attempt 0 POST
qa_manager/builder_forms#1 attempt 0 -> 200
labelling_specialist/validate_export#1 attempt 0 POST
regops_publisher/onboarding#1 attempt 0 -> 200
quality_director_newcomer/catalog#1 attempt 0 POST
labelling_specialist/validate_export#1 attempt 0 -> 429
quality_director_newcomer/catalog#1 attempt 0 -> 429
ra_director_cro/operations#1 attempt 0 -> 200
ra_junior/journey#1 attempt 0 POST
ra_junior/journey#1 attempt 0 -> 429
labelling_specialist/validate_export#1 attempt 1 POST
labelling_specialist/validate_export#1 attempt 1 -> 200
consultant_ex_hc/operations#1 attempt 0 POST
consultant_ex_hc/operations#1 attempt 0 -> 429
quality_director_newcomer/catalog#1 attempt 1 POST
quality_director_newcomer/catalog#1 attempt 1 -> 429
ra_junior/journey#1 attempt 1 POST
ra_junior/journey#1 attempt 1 -> 429
consultant_ex_hc/operations#1 attempt 1 POST
consultant_ex_hc/operations#1 attempt 1 -> 200
cro_pm/builder_forms#1 attempt 0 POST
quality_director_newcomer/catalog#1 attempt 2 POST
cro_pm/builder_forms#1 attempt 0 -> 429
quality_director_newcomer/catalog#1 attempt 2 -> 429
ra_junior/journey#1 attempt 2 POST
ra_junior/journey#1 attempt 2 -> 429
cro_pm/builder_forms#1 attempt 1 POST
quality_director_newcomer/catalog#1 attempt 3 POST
quality_director_newcomer/catalog#1 attempt 3 -> 429
cro_pm/builder_forms#1 attempt 1 -> 200
cdmo_ra_manager/onboarding#1 attempt 0 POST
cdmo_ra_manager/onboarding#1 attempt 0 -> 429
ra_junior/journey#1 attempt 3 POST
ra_junior/journey#1 attempt 3 -> 429
cdmo_ra_manager/onboarding#1 attempt 1 POST
cdmo_ra_manager/onboarding#1 attempt 1 -> 200
ra_director_cro/overall#0 attempt 0 POST
ra_director_cro/overall#0 attempt 0 -> 429
quality_director_newcomer/catalog#1 attempt 4 POST
quality_director_newcomer/catalog#1 attempt 4 -> 429
ra_junior/journey#1 attempt 4 POST
ra_junior/journey#1 attempt 4 -> 429
ra_director_cro/overall#0 attempt 1 POST
ra_director_cro/overall#0 attempt 1 -> 429
ra_director_cro/overall#0 attempt 2 POST
ra_junior/journey#1 attempt 5 POST
ra_junior/journey#1 attempt 5 -> 429
ra_director_cro/overall#0 attempt 2 -> 200
qa_manager/ai_draft#0 attempt 0 POST
quality_director_newcomer/catalog#1 attempt 5 POST
qa_manager/ai_draft#0 attempt 0 -> 429
quality_director_newcomer/catalog#1 attempt 5 -> 429
qa_manager/ai_draft#0 attempt 1 POST
qa_manager/ai_draft#0 attempt 1 -> 429
qa_manager/ai_draft#0 attempt 2 POST
qa_manager/ai_draft#0 attempt 2 -> 200
regops_publisher/journey#0 attempt 0 POST
regops_publisher/journey#0 attempt 0 -> 429
ra_junior/journey#1 attempt 6 POST
ra_junior/journey#1 attempt 6 -> 429
quality_director_newcomer/catalog#1 attempt 6 POST
quality_director_newcomer/catalog#1 attempt 6 -> 429
regops_publisher/journey#0 attempt 1 POST
regops_publisher/journey#0 attempt 1 -> 200
labelling_specialist/operations#0 attempt 0 POST
labelling_specialist/operations#0 attempt 0 -> 429
ra_junior/journey#1 attempt 7 POST
ra_junior/journey#1 attempt 7 -> 429
quality_director_newcomer/catalog#1 attempt 7 POST
quality_director_newcomer/catalog#1 attempt 7 -> 429
labelling_specialist/operations#0 attempt 1 POST
labelling_specialist/operations#0 attempt 1 -> 200
quality_director_newcomer/builder_forms#0 attempt 0 POST
quality_director_newcomer/builder_forms#0 attempt 0 -> 429
quality_director_newcomer/catalog#1 attempt 8 POST
quality_director_newcomer/catalog#1 attempt 8 -> 429
ra_junior/journey#1 attempt 8 POST
ra_junior/journey#1 attempt 8 -> 429
quality_director_newcomer/builder_forms#0 attempt 1 POST
quality_director_newcomer/builder_forms#0 attempt 1 -> 429
quality_director_newcomer/builder_forms#0 attempt 2 POST
quality_director_newcomer/builder_forms#0 attempt 2 -> 200
ra_junior/catalog#0 attempt 0 POST
ra_junior/catalog#0 attempt 0 -> 429
ra_junior/journey#1 attempt 9 POST
ra_junior/journey#1 attempt 9 -> 429
quality_director_newcomer/catalog#1 attempt 9 POST
quality_director_newcomer/catalog#1 attempt 9 -> 429
ra_junior/catalog#0 attempt 1 POST
ra_junior/catalog#0 attempt 1 -> 200
consultant_ex_hc/overall#0 attempt 0 POST
consultant_ex_hc/overall#0 attempt 0 -> 429
quality_director_newcomer/catalog#1 attempt 10 POST
quality_director_newcomer/catalog#1 attempt 10 -> 429
ra_junior/journey#1 attempt 10 POST
ra_junior/journey#1 attempt 10 -> 429
consultant_ex_hc/overall#0 attempt 1 POST
consultant_ex_hc/overall#0 attempt 1 -> 200
cro_pm/ai_draft#0 attempt 0 POST
cro_pm/ai_draft#0 attempt 0 -> 429
ra_junior/journey#1 attempt 11 POST
ra_junior/journey#1 attempt 11 -> 429
quality_director_newcomer/catalog#1 attempt 11 POST
quality_director_newcomer/catalog#1 attempt 11 -> 429
cro_pm/ai_draft#0 attempt 1 POST
cro_pm/ai_draft#0 attempt 1 -> 429
cro_pm/ai_draft#0 attempt 2 POST
cro_pm/ai_draft#0 attempt 2 -> 200
cdmo_ra_manager/journey#0 attempt 0 POST
cdmo_ra_manager/journey#0 attempt 0 -> 429
ra_junior/journey#1 attempt 12 POST
ra_junior/journey#1 attempt 12 -> 429
quality_director_newcomer/catalog#1 attempt 12 POST
quality_director_newcomer/catalog#1 attempt 12 -> 429
cdmo_ra_manager/journey#0 attempt 1 POST
cdmo_ra_manager/journey#0 attempt 1 -> 200
ra_director_cro/overall#1 attempt 0 POST
ra_director_cro/overall#1 attempt 0 -> 429
quality_director_newcomer/catalog#1 attempt 13 POST
quality_director_newcomer/catalog#1 attempt 13 -> 429
ra_junior/journey#1 attempt 13 POST
ra_junior/journey#1 attempt 13 -> 429
ra_director_cro/overall#1 attempt 1 POST
qa_manager/ai_draft#1 attempt 0 POST
ra_director_cro/overall#1 attempt 1 -> 429
qa_manager/ai_draft#1 attempt 0 -> 429
qa_manager/ai_draft#1 attempt 1 POST
qa_manager/ai_draft#1 attempt 1 -> 429
regops_publisher/journey#1 attempt 0 POST
regops_publisher/journey#1 attempt 0 -> 200
labelling_specialist/operations#1 attempt 0 POST
labelling_specialist/operations#1 attempt 0 -> 429
qa_manager/ai_draft#1 attempt 2 POST
qa_manager/ai_draft#1 attempt 2 -> 429
ra_director_cro/overall#1 attempt 2 POST
ra_director_cro/overall#1 attempt 2 -> 429
labelling_specialist/operations#1 attempt 1 POST
labelling_specialist/operations#1 attempt 1 -> 429
qa_manager/ai_draft#1 attempt 3 POST
qa_manager/ai_draft#1 attempt 3 -> 200
quality_director_newcomer/builder_forms#1 attempt 0 POST
quality_director_newcomer/builder_forms#1 attempt 0 -> 429
ra_director_cro/overall#1 attempt 3 POST
ra_director_cro/overall#1 attempt 3 -> 429
labelling_specialist/operations#1 attempt 2 POST
labelling_specialist/operations#1 attempt 2 -> 429
quality_director_newcomer/builder_forms#1 attempt 1 POST
quality_director_newcomer/builder_forms#1 attempt 1 -> 200
ra_junior/catalog#1 attempt 0 POST
ra_junior/catalog#1 attempt 0 -> 429
ra_director_cro/overall#1 attempt 4 POST
ra_director_cro/overall#1 attempt 4 -> 429
labelling_specialist/operations#1 attempt 3 POST
labelling_specialist/operations#1 attempt 3 -> 429
ra_director_cro/overall#1 attempt 5 POST
ra_director_cro/overall#1 attempt 5 -> 200
consultant_ex_hc/overall#1 attempt 0 POST
consultant_ex_hc/overall#1 attempt 0 -> 200
cro_pm/ai_draft#1 attempt 0 POST
cro_pm/ai_draft#1 attempt 0 -> 200
cdmo_ra_manager/journey#1 attempt 0 POST
cdmo_ra_manager/journey#1 attempt 0 -> 429
ra_junior/catalog#1 attempt 1 POST
ra_junior/catalog#1 attempt 1 -> 200
ra_officer_generic/onboarding#0 attempt 0 POST
ra_officer_generic/onboarding#0 attempt 0 -> 429
cdmo_ra_manager/journey#1 attempt 1 POST
cdmo_ra_manager/journey#1 attempt 1 -> 429
labelling_specialist/operations#1 attempt 4 POST
labelling_specialist/operations#1 attempt 4 -> 429
labelling_specialist/operations#1 attempt 5 POST
labelling_specialist/operations#1 attempt 5 -> 429
ra_officer_generic/onboarding#0 attempt 1 POST
ra_officer_generic/onboarding#0 attempt 1 -> 200
qa_manager/validate_export#0 attempt 0 POST
qa_manager/validate_export#0 attempt 0 -> 429
cdmo_ra_manager/journey#1 attempt 2 POST
cdmo_ra_manager/journey#1 attempt 2 -> 429
labelling_specialist/operations#1 attempt 6 POST
labelling_specialist/operations#1 attempt 6 -> 429
qa_manager/validate_export#0 attempt 1 POST
qa_manager/validate_export#0 attempt 1 -> 429
cdmo_ra_manager/journey#1 attempt 3 POST
cdmo_ra_manager/journey#1 attempt 3 -> 429
labelling_specialist/operations#1 attempt 7 POST
labelling_specialist/operations#1 attempt 7 -> 429
qa_manager/validate_export#0 attempt 2 POST
qa_manager/validate_export#0 attempt 2 -> 200
regops_publisher/catalog#0 attempt 0 POST
regops_publisher/catalog#0 attempt 0 -> 429
cdmo_ra_manager/journey#1 attempt 4 POST
cdmo_ra_manager/journey#1 attempt 4 -> 429
labelling_specialist/operations#1 attempt 8 POST
labelling_specialist/operations#1 attempt 8 -> 429
regops_publisher/catalog#0 attempt 1 POST
regops_publisher/catalog#0 attempt 1 -> 429
cdmo_ra_manager/journey#1 attempt 5 POST
cdmo_ra_manager/journey#1 attempt 5 -> 429
regops_publisher/catalog#0 attempt 2 POST
regops_publisher/catalog#0 attempt 2 -> 200
labelling_specialist/overall#0 attempt 0 POST
labelling_specialist/overall#0 attempt 0 -> 429
cdmo_ra_manager/journey#1 attempt 6 POST
cdmo_ra_manager/journey#1 attempt 6 -> 429
labelling_specialist/operations#1 attempt 9 POST
labelling_specialist/operations#1 attempt 9 -> 429
labelling_specialist/overall#0 attempt 1 POST
labelling_specialist/overall#0 attempt 1 -> 200
quality_director_newcomer/ai_draft#0 attempt 0 POST
quality_director_newcomer/ai_draft#0 attempt 0 -> 429
cdmo_ra_manager/journey#1 attempt 7 POST
cdmo_ra_manager/journey#1 attempt 7 -> 429
labelling_specialist/operations#1 attempt 10 POST
labelling_specialist/operations#1 attempt 10 -> 429
quality_director_newcomer/ai_draft#0 attempt 1 POST
quality_director_newcomer/ai_draft#0 attempt 1 -> 429
cdmo_ra_manager/journey#1 attempt 8 POST
cdmo_ra_manager/journey#1 attempt 8 -> 429
labelling_specialist/operations#1 attempt 11 POST
labelling_specialist/operations#1 attempt 11 -> 429
quality_director_newcomer/ai_draft#0 attempt 2 POST
quality_director_newcomer/ai_draft#0 attempt 2 -> 200
ra_junior/builder_forms#0 attempt 0 POST
ra_junior/builder_forms#0 attempt 0 -> 429
cdmo_ra_manager/journey#1 attempt 9 POST
cdmo_ra_manager/journey#1 attempt 9 -> 429
labelling_specialist/operations#1 attempt 12 POST
labelling_specialist/operations#1 attempt 12 -> 429
labelling_specialist/operations#1 attempt 13 POST
labelling_specialist/operations#1 attempt 13 -> 429
ra_junior/builder_forms#0 attempt 1 POST
ra_junior/builder_forms#0 attempt 1 -> 200
startup_founder/onboarding#0 attempt 0 POST
startup_founder/onboarding#0 attempt 0 -> 429
cdmo_ra_manager/journey#1 attempt 10 POST
cdmo_ra_manager/journey#1 attempt 10 -> 429
cro_pm/validate_export#0 attempt 0 POST
cro_pm/validate_export#0 attempt 0 -> 429
cdmo_ra_manager/journey#1 attempt 11 POST
cdmo_ra_manager/journey#1 attempt 11 -> 429
startup_founder/onboarding#0 attempt 1 POST
startup_founder/onboarding#0 attempt 1 -> 200
cdmo_ra_manager/catalog#0 attempt 0 POST
cdmo_ra_manager/catalog#0 attempt 0 -> 429
cro_pm/validate_export#0 attempt 1 POST
cro_pm/validate_export#0 attempt 1 -> 429
cdmo_ra_manager/journey#1 attempt 12 POST
cdmo_ra_manager/journey#1 attempt 12 -> 429
cdmo_ra_manager/catalog#0 attempt 1 POST
cdmo_ra_manager/catalog#0 attempt 1 -> 200
ra_officer_generic/onboarding#1 attempt 0 POST
ra_officer_generic/onboarding#1 attempt 0 -> 429
cro_pm/validate_export#0 attempt 2 POST
cro_pm/validate_export#0 attempt 2 -> 429
cdmo_ra_manager/journey#1 attempt 13 POST
cdmo_ra_manager/journey#1 attempt 13 -> 429
ra_officer_generic/onboarding#1 attempt 1 POST
ra_officer_generic/onboarding#1 attempt 1 -> 200
qa_manager/validate_export#1 attempt 0 POST
qa_manager/validate_export#1 attempt 0 -> 200
regops_publisher/catalog#1 attempt 0 POST
regops_publisher/catalog#1 attempt 0 -> 200
labelling_specialist/overall#1 attempt 0 POST
labelling_specialist/overall#1 attempt 0 -> 429
labelling_specialist/overall#1 attempt 1 POST
labelling_specialist/overall#1 attempt 1 -> 200
quality_director_newcomer/ai_draft#1 attempt 0 POST
quality_director_newcomer/ai_draft#1 attempt 0 -> 429
cro_pm/validate_export#0 attempt 3 POST
cro_pm/validate_export#0 attempt 3 -> 429
ra_junior/builder_forms#1 attempt 0 POST
ra_junior/builder_forms#1 attempt 0 -> 429
quality_director_newcomer/ai_draft#1 attempt 1 POST
quality_director_newcomer/ai_draft#1 attempt 1 -> 429
cro_pm/validate_export#0 attempt 4 POST
cro_pm/validate_export#0 attempt 4 -> 429
cro_pm/validate_export#0 attempt 5 POST
cro_pm/validate_export#0 attempt 5 -> 429
quality_director_newcomer/ai_draft#1 attempt 2 POST
quality_director_newcomer/ai_draft#1 attempt 2 -> 200
startup_founder/onboarding#1 attempt 0 POST
startup_founder/onboarding#1 attempt 0 -> 429
ra_junior/builder_forms#1 attempt 1 POST
ra_junior/builder_forms#1 attempt 1 -> 429
cro_pm/validate_export#0 attempt 6 POST
cro_pm/validate_export#0 attempt 6 -> 429
startup_founder/onboarding#1 attempt 1 POST
startup_founder/onboarding#1 attempt 1 -> 200
cro_pm/validate_export#1 attempt 0 POST
cro_pm/validate_export#1 attempt 0 -> 429
ra_junior/builder_forms#1 attempt 2 POST
ra_junior/builder_forms#1 attempt 2 -> 429
cro_pm/validate_export#0 attempt 7 POST
cro_pm/validate_export#0 attempt 7 -> 429
ra_junior/builder_forms#1 attempt 3 POST
ra_junior/builder_forms#1 attempt 3 -> 429
cro_pm/validate_export#1 attempt 1 POST
cro_pm/validate_export#1 attempt 1 -> 200
cdmo_ra_manager/catalog#1 attempt 0 POST
cdmo_ra_manager/catalog#1 attempt 0 -> 429
ra_junior/builder_forms#1 attempt 4 POST
ra_junior/builder_forms#1 attempt 4 -> 429
cro_pm/validate_export#0 attempt 8 POST
cro_pm/validate_export#0 attempt 8 -> 429
cdmo_ra_manager/catalog#1 attempt 1 POST
cdmo_ra_manager/catalog#1 attempt 1 -> 200
qa_manager/operations#0 attempt 0 POST
qa_manager/operations#0 attempt 0 -> 429
ra_junior/builder_forms#1 attempt 5 POST
ra_junior/builder_forms#1 attempt 5 -> 429
cro_pm/validate_export#0 attempt 9 POST
cro_pm/validate_export#0 attempt 9 -> 429
qa_manager/operations#0 attempt 1 POST
ra_junior/builder_forms#1 attempt 6 POST
ra_junior/builder_forms#1 attempt 6 -> 429
qa_manager/operations#0 attempt 1 -> 200
ra_officer_generic/journey#0 attempt 0 POST
ra_officer_generic/journey#0 attempt 0 -> 429
cro_pm/validate_export#0 attempt 10 POST
cro_pm/validate_export#0 attempt 10 -> 429
ra_officer_generic/journey#0 attempt 1 POST
ra_officer_generic/journey#0 attempt 1 -> 200
regops_publisher/builder_forms#0 attempt 0 POST
regops_publisher/builder_forms#0 attempt 0 -> 429
ra_junior/builder_forms#1 attempt 7 POST
ra_junior/builder_forms#1 attempt 7 -> 429
cro_pm/validate_export#0 attempt 11 POST
cro_pm/validate_export#0 attempt 11 -> 429
regops_publisher/builder_forms#0 attempt 1 POST
regops_publisher/builder_forms#0 attempt 1 -> 200
veteran_contractor/onboarding#0 attempt 0 POST
veteran_contractor/onboarding#0 attempt 0 -> 429
ra_junior/builder_forms#1 attempt 8 POST
ra_junior/builder_forms#1 attempt 8 -> 429
cro_pm/validate_export#0 attempt 12 POST
cro_pm/validate_export#0 attempt 12 -> 429
cro_pm/validate_export#0 attempt 13 POST
cro_pm/validate_export#0 attempt 13 -> 429
ra_junior/builder_forms#1 attempt 9 POST
ra_junior/builder_forms#1 attempt 9 -> 429
veteran_contractor/onboarding#0 attempt 1 POST
veteran_contractor/onboarding#0 attempt 1 -> 200
quality_director_newcomer/validate_export#0 attempt 0 POST
quality_director_newcomer/validate_export#0 attempt 0 -> 429
ra_junior/builder_forms#1 attempt 10 POST
ra_junior/builder_forms#1 attempt 10 -> 429
ra_junior/ai_draft#0 attempt 0 POST
ra_junior/ai_draft#0 attempt 0 -> 429
ra_junior/ai_draft#0 attempt 1 POST
quality_director_newcomer/validate_export#0 attempt 1 POST
ra_junior/ai_draft#0 attempt 1 -> 200
startup_founder/journey#0 attempt 0 POST
quality_director_newcomer/validate_export#0 attempt 1 -> 429
startup_founder/journey#0 attempt 0 -> 429
ra_junior/builder_forms#1 attempt 11 POST
ra_junior/builder_forms#1 attempt 11 -> 429
ra_junior/builder_forms#1 attempt 12 POST
ra_junior/builder_forms#1 attempt 12 -> 429
quality_director_newcomer/validate_export#0 attempt 2 POST
startup_founder/journey#0 attempt 1 POST
startup_founder/journey#0 attempt 1 -> 429
quality_director_newcomer/validate_export#0 attempt 2 -> 200
cro_pm/operations#0 attempt 0 POST
cro_pm/operations#0 attempt 0 -> 429
ra_junior/builder_forms#1 attempt 13 POST
ra_junior/builder_forms#1 attempt 13 -> 429
startup_founder/journey#0 attempt 2 POST
startup_founder/journey#0 attempt 2 -> 429
startup_founder/journey#0 attempt 3 POST
startup_founder/journey#0 attempt 3 -> 200
cdmo_ra_manager/builder_forms#0 attempt 0 POST
cdmo_ra_manager/builder_forms#0 attempt 0 -> 429
cro_pm/operations#0 attempt 1 POST
cro_pm/operations#0 attempt 1 -> 429
ra_officer_generic/journey#1 attempt 0 POST
ra_officer_generic/journey#1 attempt 0 -> 429
ra_officer_generic/journey#1 attempt 1 POST
cdmo_ra_manager/builder_forms#0 attempt 1 POST
cdmo_ra_manager/builder_forms#0 attempt 1 -> 429
ra_officer_generic/journey#1 attempt 1 -> 200
qa_manager/operations#1 attempt 0 POST
qa_manager/operations#1 attempt 0 -> 429
cro_pm/operations#0 attempt 2 POST
cro_pm/operations#0 attempt 2 -> 429
cro_pm/operations#0 attempt 3 POST
cro_pm/operations#0 attempt 3 -> 429
cdmo_ra_manager/builder_forms#0 attempt 2 POST
cdmo_ra_manager/builder_forms#0 attempt 2 -> 200
regops_publisher/builder_forms#1 attempt 0 POST
regops_publisher/builder_forms#1 attempt 0 -> 429
qa_manager/operations#1 attempt 1 POST
qa_manager/operations#1 attempt 1 -> 429
cro_pm/operations#0 attempt 4 POST
cro_pm/operations#0 attempt 4 -> 429
regops_publisher/builder_forms#1 attempt 1 POST
regops_publisher/builder_forms#1 attempt 1 -> 200
veteran_contractor/onboarding#1 attempt 0 POST
veteran_contractor/onboarding#1 attempt 0 -> 429
qa_manager/operations#1 attempt 2 POST
qa_manager/operations#1 attempt 2 -> 429
cro_pm/operations#0 attempt 5 POST
cro_pm/operations#0 attempt 5 -> 429
veteran_contractor/onboarding#1 attempt 1 POST
veteran_contractor/onboarding#1 attempt 1 -> 429
veteran_contractor/onboarding#1 attempt 2 POST
veteran_contractor/onboarding#1 attempt 2 -> 200
quality_director_newcomer/validate_export#1 attempt 0 POST
quality_director_newcomer/validate_export#1 attempt 0 -> 429
qa_manager/operations#1 attempt 3 POST
qa_manager/operations#1 attempt 3 -> 429
cro_pm/operations#0 attempt 6 POST
cro_pm/operations#0 attempt 6 -> 429
qa_manager/operations#1 attempt 4 POST
qa_manager/operations#1 attempt 4 -> 429
cro_pm/operations#0 attempt 7 POST
cro_pm/operations#0 attempt 7 -> 200
ra_director_cro/onboarding#0 attempt 0 POST
ra_director_cro/onboarding#0 attempt 0 -> 429
quality_director_newcomer/validate_export#1 attempt 1 POST
quality_director_newcomer/validate_export#1 attempt 1 -> 429
qa_manager/operations#1 attempt 5 POST
qa_manager/operations#1 attempt 5 -> 429
qa_manager/operations#1 attempt 6 POST
qa_manager/operations#1 attempt 6 -> 429
ra_director_cro/onboarding#0 attempt 1 POST
ra_director_cro/onboarding#0 attempt 1 -> 200
ra_junior/ai_draft#1 attempt 0 POST
ra_junior/ai_draft#1 attempt 0 -> 429
quality_director_newcomer/validate_export#1 attempt 2 POST
quality_director_newcomer/validate_export#1 attempt 2 -> 429
qa_manager/operations#1 attempt 7 POST
qa_manager/operations#1 attempt 7 -> 429
ra_junior/ai_draft#1 attempt 1 POST
ra_junior/ai_draft#1 attempt 1 -> 200
startup_founder/journey#1 attempt 0 POST
startup_founder/journey#1 attempt 0 -> 429
quality_director_newcomer/validate_export#1 attempt 3 POST
quality_director_newcomer/validate_export#1 attempt 3 -> 429
qa_manager/operations#1 attempt 8 POST
qa_manager/operations#1 attempt 8 -> 429
quality_director_newcomer/validate_export#1 attempt 4 POST
quality_director_newcomer/validate_export#1 attempt 4 -> 200
cro_pm/operations#1 attempt 0 POST
cro_pm/operations#1 attempt 0 -> 429
qa_manager/operations#1 attempt 9 POST
qa_manager/operations#1 attempt 9 -> 429
startup_founder/journey#1 attempt 1 POST
startup_founder/journey#1 attempt 1 -> 429
startup_founder/journey#1 attempt 2 POST
startup_founder/journey#1 attempt 2 -> 200
cdmo_ra_manager/builder_forms#1 attempt 0 POST
cdmo_ra_manager/builder_forms#1 attempt 0 -> 429
cro_pm/operations#1 attempt 1 POST
cro_pm/operations#1 attempt 1 -> 429
qa_manager/operations#1 attempt 10 POST
qa_manager/operations#1 attempt 10 -> 429
cro_pm/operations#1 attempt 2 POST
cro_pm/operations#1 attempt 2 -> 429
qa_manager/operations#1 attempt 11 POST
qa_manager/operations#1 attempt 11 -> 429
cdmo_ra_manager/builder_forms#1 attempt 1 POST
cdmo_ra_manager/builder_forms#1 attempt 1 -> 200
ra_officer_generic/catalog#0 attempt 0 POST
ra_officer_generic/catalog#0 attempt 0 -> 429
cro_pm/operations#1 attempt 3 POST
cro_pm/operations#1 attempt 3 -> 429
qa_manager/operations#1 attempt 12 POST
qa_manager/operations#1 attempt 12 -> 429
cro_pm/operations#1 attempt 4 POST
cro_pm/operations#1 attempt 4 -> 429
qa_manager/operations#1 attempt 13 POST
qa_manager/operations#1 attempt 13 -> 200
qa_manager/overall#0 attempt 0 POST
qa_manager/overall#0 attempt 0 -> 429
ra_officer_generic/catalog#0 attempt 1 POST
ra_officer_generic/catalog#0 attempt 1 -> 429
cro_pm/operations#1 attempt 5 POST
cro_pm/operations#1 attempt 5 -> 429
ra_officer_generic/catalog#0 attempt 2 POST
ra_officer_generic/catalog#0 attempt 2 -> 200
regops_publisher/ai_draft#0 attempt 0 POST
regops_publisher/ai_draft#0 attempt 0 -> 429
qa_manager/overall#0 attempt 1 POST
qa_manager/overall#0 attempt 1 -> 429
cro_pm/operations#1 attempt 6 POST
cro_pm/operations#1 attempt 6 -> 429
cro_pm/operations#1 attempt 7 POST
cro_pm/operations#1 attempt 7 -> 429
qa_manager/overall#0 attempt 2 POST
regops_publisher/ai_draft#0 attempt 1 POST
regops_publisher/ai_draft#0 attempt 1 -> 429
qa_manager/overall#0 attempt 2 -> 200
veteran_contractor/journey#0 attempt 0 POST
veteran_contractor/journey#0 attempt 0 -> 429
cro_pm/operations#1 attempt 8 POST
cro_pm/operations#1 attempt 8 -> 429
veteran_contractor/journey#0 attempt 1 POST
veteran_contractor/journey#0 attempt 1 -> 429
regops_publisher/ai_draft#0 attempt 2 POST
regops_publisher/ai_draft#0 attempt 2 -> 200
quality_director_newcomer/operations#0 attempt 0 POST
quality_director_newcomer/operations#0 attempt 0 -> 429
veteran_contractor/journey#0 attempt 2 POST
veteran_contractor/journey#0 attempt 2 -> 429
cro_pm/operations#1 attempt 9 POST
cro_pm/operations#1 attempt 9 -> 429
veteran_contractor/journey#0 attempt 3 POST
veteran_contractor/journey#0 attempt 3 -> 200
ra_junior/validate_export#0 attempt 0 POST
ra_junior/validate_export#0 attempt 0 -> 429
quality_director_newcomer/operations#0 attempt 1 POST
quality_director_newcomer/operations#0 attempt 1 -> 429
cro_pm/operations#1 attempt 10 POST
cro_pm/operations#1 attempt 10 -> 429
cro_pm/operations#1 attempt 11 POST
cro_pm/operations#1 attempt 11 -> 200
startup_founder/catalog#0 attempt 0 POST
startup_founder/catalog#0 attempt 0 -> 429
ra_junior/validate_export#0 attempt 1 POST
ra_junior/validate_export#0 attempt 1 -> 429
quality_director_newcomer/operations#0 attempt 2 POST
quality_director_newcomer/operations#0 attempt 2 -> 429
ra_junior/validate_export#0 attempt 2 POST
ra_junior/validate_export#0 attempt 2 -> 429
quality_director_newcomer/operations#0 attempt 3 POST
quality_director_newcomer/operations#0 attempt 3 -> 200
cro_pm/overall#0 attempt 0 POST
cro_pm/overall#0 attempt 0 -> 429
startup_founder/catalog#0 attempt 1 POST
startup_founder/catalog#0 attempt 1 -> 429
ra_junior/validate_export#0 attempt 3 POST
ra_junior/validate_export#0 attempt 3 -> 429
cro_pm/overall#0 attempt 1 POST
cro_pm/overall#0 attempt 1 -> 429
startup_founder/catalog#0 attempt 2 POST
startup_founder/catalog#0 attempt 2 -> 200
cdmo_ra_manager/ai_draft#0 attempt 0 POST
cdmo_ra_manager/ai_draft#0 attempt 0 -> 429
cro_pm/overall#0 attempt 2 POST
cro_pm/overall#0 attempt 2 -> 429
ra_junior/validate_export#0 attempt 4 POST
ra_junior/validate_export#0 attempt 4 -> 429
cro_pm/overall#0 attempt 3 POST
cro_pm/overall#0 attempt 3 -> 429
ra_junior/validate_export#0 attempt 5 POST
ra_junior/validate_export#0 attempt 5 -> 429
cdmo_ra_manager/ai_draft#0 attempt 1 POST
cdmo_ra_manager/ai_draft#0 attempt 1 -> 200
ra_officer_generic/catalog#1 attempt 0 POST
ra_officer_generic/catalog#1 attempt 0 -> 429
cro_pm/overall#0 attempt 4 POST
cro_pm/overall#0 attempt 4 -> 429
ra_junior/validate_export#0 attempt 6 POST
ra_junior/validate_export#0 attempt 6 -> 429
ra_officer_generic/catalog#1 attempt 1 POST
ra_officer_generic/catalog#1 attempt 1 -> 429
ra_officer_generic/catalog#1 attempt 2 POST
ra_officer_generic/catalog#1 attempt 2 -> 200
qa_manager/overall#1 attempt 0 POST
qa_manager/overall#1 attempt 0 -> 429
cro_pm/overall#0 attempt 5 POST
cro_pm/overall#0 attempt 5 -> 429
ra_junior/validate_export#0 attempt 7 POST
ra_junior/validate_export#0 attempt 7 -> 429
cro_pm/overall#0 attempt 6 POST
cro_pm/overall#0 attempt 6 -> 429
ra_junior/validate_export#0 attempt 8 POST
ra_junior/validate_export#0 attempt 8 -> 429
qa_manager/overall#1 attempt 1 POST
qa_manager/overall#1 attempt 1 -> 200
regops_publisher/ai_draft#1 attempt 0 POST
regops_publisher/ai_draft#1 attempt 0 -> 429
cro_pm/overall#0 attempt 7 POST
cro_pm/overall#0 attempt 7 -> 429
ra_junior/validate_export#0 attempt 9 POST
ra_junior/validate_export#0 attempt 9 -> 429
cro_pm/overall#0 attempt 8 POST
cro_pm/overall#0 attempt 8 -> 429
ra_junior/validate_export#0 attempt 10 POST
ra_junior/validate_export#0 attempt 10 -> 200
veteran_contractor/journey#1 attempt 0 POST
veteran_contractor/journey#1 attempt 0 -> 429
regops_publisher/ai_draft#1 attempt 1 POST
regops_publisher/ai_draft#1 attempt 1 -> 429
cro_pm/overall#0 attempt 9 POST
cro_pm/overall#0 attempt 9 -> 429
veteran_contractor/journey#1 attempt 1 POST
regops_publisher/ai_draft#1 attempt 2 POST
regops_publisher/ai_draft#1 attempt 2 -> 429
veteran_contractor/journey#1 attempt 1 -> 200
quality_director_newcomer/operations#1 attempt 0 POST
quality_director_newcomer/operations#1 attempt 0 -> 429
cro_pm/overall#0 attempt 10 POST
cro_pm/overall#0 attempt 10 -> 429
quality_director_newcomer/operations#1 attempt 1 POST
quality_director_newcomer/operations#1 attempt 1 -> 429
regops_publisher/ai_draft#1 attempt 3 POST
regops_publisher/ai_draft#1 attempt 3 -> 429
regops_publisher/ai_draft#1 attempt 4 POST
regops_publisher/ai_draft#1 attempt 4 -> 200
ra_director_cro/onboarding#1 attempt 0 POST
ra_director_cro/onboarding#1 attempt 0 -> 429
quality_director_newcomer/operations#1 attempt 2 POST
quality_director_newcomer/operations#1 attempt 2 -> 429
cro_pm/overall#0 attempt 11 POST
cro_pm/overall#0 attempt 11 -> 429
cro_pm/overall#0 attempt 12 POST
cro_pm/overall#0 attempt 12 -> 200
ra_junior/validate_export#1 attempt 0 POST
ra_junior/validate_export#1 attempt 0 -> 429
ra_director_cro/onboarding#1 attempt 1 POST
ra_director_cro/onboarding#1 attempt 1 -> 429
quality_director_newcomer/operations#1 attempt 3 POST
quality_director_newcomer/operations#1 attempt 3 -> 429
ra_director_cro/onboarding#1 attempt 2 POST
ra_director_cro/onboarding#1 attempt 2 -> 200
startup_founder/catalog#1 attempt 0 POST
startup_founder/catalog#1 attempt 0 -> 429
ra_junior/validate_export#1 attempt 1 POST
ra_junior/validate_export#1 attempt 1 -> 429
quality_director_newcomer/operations#1 attempt 4 POST
quality_director_newcomer/operations#1 attempt 4 -> 429
quality_director_newcomer/operations#1 attempt 5 POST
quality_director_newcomer/operations#1 attempt 5 -> 200
cro_pm/overall#1 attempt 0 POST
cro_pm/overall#1 attempt 0 -> 429
startup_founder/catalog#1 attempt 1 POST
startup_founder/catalog#1 attempt 1 -> 429
ra_junior/validate_export#1 attempt 2 POST
ra_junior/validate_export#1 attempt 2 -> 429
startup_founder/catalog#1 attempt 2 POST
startup_founder/catalog#1 attempt 2 -> 200
cdmo_ra_manager/ai_draft#1 attempt 0 POST
cdmo_ra_manager/ai_draft#1 attempt 0 -> 429
cro_pm/overall#1 attempt 1 POST
cro_pm/overall#1 attempt 1 -> 429
ra_junior/validate_export#1 attempt 3 POST
ra_junior/validate_export#1 attempt 3 -> 429
ra_junior/validate_export#1 attempt 4 POST
ra_junior/validate_export#1 attempt 4 -> 429
cdmo_ra_manager/ai_draft#1 attempt 1 POST
cdmo_ra_manager/ai_draft#1 attempt 1 -> 200
ra_officer_generic/builder_forms#0 attempt 0 POST
ra_officer_generic/builder_forms#0 attempt 0 -> 429
cro_pm/overall#1 attempt 2 POST
cro_pm/overall#1 attempt 2 -> 429
ra_junior/validate_export#1 attempt 5 POST
ra_junior/validate_export#1 attempt 5 -> 429
ra_junior/validate_export#1 attempt 6 POST
ra_junior/validate_export#1 attempt 6 -> 429
cro_pm/overall#1 attempt 3 POST
ra_officer_generic/builder_forms#0 attempt 1 POST
ra_officer_generic/builder_forms#0 attempt 1 -> 429
cro_pm/overall#1 attempt 3 -> 200
consultant_ex_hc/onboarding#0 attempt 0 POST
consultant_ex_hc/onboarding#0 attempt 0 -> 429
ra_junior/validate_export#1 attempt 7 POST
ra_junior/validate_export#1 attempt 7 -> 429
consultant_ex_hc/onboarding#0 attempt 1 POST
consultant_ex_hc/onboarding#0 attempt 1 -> 200
regops_publisher/validate_export#0 attempt 0 POST
regops_publisher/validate_export#0 attempt 0 -> 429
ra_officer_generic/builder_forms#0 attempt 2 POST
ra_officer_generic/builder_forms#0 attempt 2 -> 429
ra_junior/validate_export#1 attempt 8 POST
ra_junior/validate_export#1 attempt 8 -> 429
ra_junior/validate_export#1 attempt 9 POST
ra_junior/validate_export#1 attempt 9 -> 429
regops_publisher/validate_export#0 attempt 1 POST
regops_publisher/validate_export#0 attempt 1 -> 200
veteran_contractor/catalog#0 attempt 0 POST
veteran_contractor/catalog#0 attempt 0 -> 429
ra_officer_generic/builder_forms#0 attempt 3 POST
ra_officer_generic/builder_forms#0 attempt 3 -> 429
ra_junior/validate_export#1 attempt 10 POST
ra_junior/validate_export#1 attempt 10 -> 429
ra_officer_generic/builder_forms#0 attempt 4 POST
ra_officer_generic/builder_forms#0 attempt 4 -> 429
veteran_contractor/catalog#0 attempt 1 POST
veteran_contractor/catalog#0 attempt 1 -> 200
quality_director_newcomer/overall#0 attempt 0 POST
quality_director_newcomer/overall#0 attempt 0 -> 429
ra_officer_generic/builder_forms#0 attempt 5 POST
ra_officer_generic/builder_forms#0 attempt 5 -> 429
ra_junior/validate_export#1 attempt 11 POST
ra_junior/validate_export#1 attempt 11 -> 429
ra_officer_generic/builder_forms#0 attempt 6 POST
ra_officer_generic/builder_forms#0 attempt 6 -> 429
ra_junior/validate_export#1 attempt 12 POST
ra_junior/validate_export#1 attempt 12 -> 429
quality_director_newcomer/overall#0 attempt 1 POST
quality_director_newcomer/overall#0 attempt 1 -> 200
ra_director_cro/journey#0 attempt 0 POST
ra_director_cro/journey#0 attempt 0 -> 429
ra_officer_generic/builder_forms#0 attempt 7 POST
ra_officer_generic/builder_forms#0 attempt 7 -> 429
ra_junior/validate_export#1 attempt 13 POST
ra_junior/validate_export#1 attempt 13 -> 429
ra_officer_generic/builder_forms#0 attempt 8 POST
ra_officer_generic/builder_forms#0 attempt 8 -> 429
ra_director_cro/journey#0 attempt 1 POST
ra_director_cro/journey#0 attempt 1 -> 200
ra_junior/operations#0 attempt 0 POST
ra_junior/operations#0 attempt 0 -> 429
ra_officer_generic/builder_forms#0 attempt 9 POST
ra_officer_generic/builder_forms#0 attempt 9 -> 429
startup_founder/builder_forms#0 attempt 0 POST
startup_founder/builder_forms#0 attempt 0 -> 429
startup_founder/builder_forms#0 attempt 1 POST
startup_founder/builder_forms#0 attempt 1 -> 429
ra_officer_generic/builder_forms#0 attempt 10 POST
ra_officer_generic/builder_forms#0 attempt 10 -> 200
labelling_specialist/onboarding#0 attempt 0 POST
labelling_specialist/onboarding#0 attempt 0 -> 429
startup_founder/builder_forms#0 attempt 2 POST
startup_founder/builder_forms#0 attempt 2 -> 429
ra_junior/operations#0 attempt 1 POST
ra_junior/operations#0 attempt 1 -> 429
ra_junior/operations#0 attempt 2 POST
ra_junior/operations#0 attempt 2 -> 429
labelling_specialist/onboarding#0 attempt 1 POST
labelling_specialist/onboarding#0 attempt 1 -> 200
cdmo_ra_manager/onboarding#0 attempt 0 POST
cdmo_ra_manager/onboarding#0 attempt 0 -> 429
startup_founder/builder_forms#0 attempt 3 POST
startup_founder/builder_forms#0 attempt 3 -> 429
ra_junior/operations#0 attempt 3 POST
ra_junior/operations#0 attempt 3 -> 429
ra_junior/operations#0 attempt 4 POST
ra_junior/operations#0 attempt 4 -> 200
cdmo_ra_manager/validate_export#0 attempt 0 POST
cdmo_ra_manager/validate_export#0 attempt 0 -> 200
ra_officer_generic/builder_forms#1 attempt 0 POST
ra_officer_generic/builder_forms#1 attempt 0 -> 429
cdmo_ra_manager/onboarding#0 attempt 1 POST
cdmo_ra_manager/onboarding#0 attempt 1 -> 429
startup_founder/builder_forms#0 attempt 4 POST
startup_founder/builder_forms#0 attempt 4 -> 429
cdmo_ra_manager/onboarding#0 attempt 2 POST
cdmo_ra_manager/onboarding#0 attempt 2 -> 200
consultant_ex_hc/onboarding#1 attempt 0 POST
consultant_ex_hc/onboarding#1 attempt 0 -> 429
ra_officer_generic/builder_forms#1 attempt 1 POST
ra_officer_generic/builder_forms#1 attempt 1 -> 429
startup_founder/builder_forms#0 attempt 5 POST
startup_founder/builder_forms#0 attempt 5 -> 429
ra_officer_generic/builder_forms#1 attempt 2 POST
ra_officer_generic/builder_forms#1 attempt 2 -> 200
regops_publisher/validate_export#1 attempt 0 POST
regops_publisher/validate_export#1 attempt 0 -> 429
startup_founder/builder_forms#0 attempt 6 POST
startup_founder/builder_forms#0 attempt 6 -> 429
consultant_ex_hc/onboarding#1 attempt 1 POST
consultant_ex_hc/onboarding#1 attempt 1 -> 429
